2026-03-04 06:00:08.159908 [0x00007fbe21c3f160] [Info   ] Logging started, using configuration at: "/home/anton/MotionSynergyAPI/SupportFolder/Logger.cfg" [Logger] []
2026-03-04 06:00:08.160022 [0x00007fbe21c3f160] [Info   ] 

Log Configuration : ./SupportFolder/Logger.cfg
Events Configuration: ./SupportFolder/Events.cfg

 [MotionSynergyAPI] [MotionSynergyAPICore.cpp,116]
2026-03-04 06:00:08.160392 [0x00007fbe21c3f160] [Info   ] 

Default Configuration     : ./SupportFolder/Instrument.cfg
Local   Configuration     : ./ProgramDataFolder/Instrument.local.cfg

 [MotionSynergyAPI] [MotionSynergyAPICore.cpp,159]
2026-03-04 06:00:08.161572 [0x00007fbe21c3f160] [Info   ] 

===============================================================================
Application Version        : 1.0
Motion Synergy API Version : 4.0.16063
Branch                     : master
===============================================================================

 [MotionSynergyAPI] [MotionSynergyAPICore.cpp,186]
2026-03-04 06:00:08.170767 [0x00007fbe12fdf160] [Info   ] [Initialize] Initializing all axes [Script] [LogWrapper.lua,51]
2026-03-04 06:00:08.170810 [0x00007fbe12fdf160] [Info   ] [HomeXAxis] Initializing X Axis [Script] [LogWrapper.lua,51]
2026-03-04 06:00:08.512012 [0x00007fbe12fdf160] [Info   ] [HomeXAxis] X Axis initialization complete [Script] [LogWrapper.lua,51]
2026-03-04 06:00:08.512115 [0x00007fbe12fdf160] [Info   ] [Initialize] Initialization complete [Script] [LogWrapper.lua,51]
2026-03-04 06:00:08.512149 [0x00007fbe12fdf160] [Info   ] [Initialize] Homing all axes [Script] [LogWrapper.lua,51]
2026-03-04 06:00:08.512190 [0x00007fbe12fdf160] [Info   ] [HomeXAxis] Homing X Axis [Script] [LogWrapper.lua,51]
2026-03-04 06:00:08.672785 [0x00007fbe12fdf160] [Info   ] [HomeXAxis] HomeNegativeHalfFlag == true [Script] [LogWrapper.lua,51]
2026-03-04 06:00:08.763306 [0x00007fbe12fdf160] [Info   ] [Initialize] Homing complete [Script] [LogWrapper.lua,51]
2026-03-04 06:00:08.763441 [0x00007fbe12fdf160] [Info   ] Script completion status: COMPLETE_SUCCESS [MotionSynergyAPI] [ScriptExecutor.cpp,71]
2026-03-04 06:00:08.849229 [0x00007ffed2fdf160] [Info   ] Logging stopped. [Logger] []
