2026-03-04 06:00:25.246330 [0x00007fbdd0c8f160] [Info   ] Logging started, using configuration at: "/home/anton/MotionSynergyAPI/SupportFolder/Logger.cfg" [Logger] []
2026-03-04 06:00:25.246437 [0x00007fbdd0c8f160] [Info   ] 

Log Configuration : ./SupportFolder/Logger.cfg
Events Configuration: ./SupportFolder/Events.cfg

 [MotionSynergyAPI] [MotionSynergyAPICore.cpp,116]
2026-03-04 06:00:25.246841 [0x00007fbdd0c8f160] [Info   ] 

Default Configuration     : ./SupportFolder/Instrument.cfg
Local   Configuration     : ./ProgramDataFolder/Instrument.local.cfg

 [MotionSynergyAPI] [MotionSynergyAPICore.cpp,159]
2026-03-04 06:00:25.248021 [0x00007fbdd0c8f160] [Info   ] 

===============================================================================
Application Version        : 1.0
Motion Synergy API Version : 4.0.16063
Branch                     : master
===============================================================================

 [MotionSynergyAPI] [MotionSynergyAPICore.cpp,186]
2026-03-04 06:00:25.256666 [0x00007fbdc9fbf160] [Info   ] [Initialize] Initializing all axes [Script] [LogWrapper.lua,51]
2026-03-04 06:00:25.256708 [0x00007fbdc9fbf160] [Info   ] [HomeXAxis] Initializing X Axis [Script] [LogWrapper.lua,51]
2026-03-04 06:00:25.598336 [0x00007fbdc9fbf160] [Info   ] [HomeXAxis] X Axis initialization complete [Script] [LogWrapper.lua,51]
2026-03-04 06:00:25.598433 [0x00007fbdc9fbf160] [Info   ] [Initialize] Initialization complete [Script] [LogWrapper.lua,51]
2026-03-04 06:00:25.598465 [0x00007fbdc9fbf160] [Info   ] [Initialize] Homing all axes [Script] [LogWrapper.lua,51]
2026-03-04 06:00:25.598503 [0x00007fbdc9fbf160] [Info   ] [HomeXAxis] Homing X Axis [Script] [LogWrapper.lua,51]
2026-03-04 06:00:25.759190 [0x00007fbdc9fbf160] [Info   ] [HomeXAxis] HomeNegativeHalfFlag == true [Script] [LogWrapper.lua,51]
2026-03-04 06:00:25.849605 [0x00007fbdc9fbf160] [Info   ] [Initialize] Homing complete [Script] [LogWrapper.lua,51]
2026-03-04 06:00:25.849719 [0x00007fbdc9fbf160] [Info   ] Script completion status: COMPLETE_SUCCESS [MotionSynergyAPI] [ScriptExecutor.cpp,71]
2026-03-04 06:00:26.037753 [0x00007ffe860df160] [Info   ] Logging stopped. [Logger] []
