2026-03-04 06:03:13.886420 [0x00007fbe380df160] [Info   ] Logging started, using configuration at: "/home/anton/MotionSynergyAPI/SupportFolder/Logger.cfg" [Logger] []
2026-03-04 06:03:13.886508 [0x00007fbe380df160] [Info   ] 

Log Configuration : ./SupportFolder/Logger.cfg
Events Configuration: ./SupportFolder/Events.cfg

 [MotionSynergyAPI] [MotionSynergyAPICore.cpp,116]
2026-03-04 06:03:13.886849 [0x00007fbe380df160] [Info   ] 

Default Configuration     : ./SupportFolder/Instrument.cfg
Local   Configuration     : ./ProgramDataFolder/Instrument.local.cfg

 [MotionSynergyAPI] [MotionSynergyAPICore.cpp,159]
2026-03-04 06:03:13.888000 [0x00007fbe380df160] [Info   ] 

===============================================================================
Application Version        : 1.0
Motion Synergy API Version : 4.0.16063
Branch                     : master
===============================================================================

 [MotionSynergyAPI] [MotionSynergyAPICore.cpp,186]
2026-03-04 06:03:13.896951 [0x00007fbe3583f160] [Info   ] [Initialize] Initializing all axes [Script] [LogWrapper.lua,51]
2026-03-04 06:03:13.897007 [0x00007fbe3583f160] [Info   ] [HomeXAxis] Initializing X Axis [Script] [LogWrapper.lua,51]
2026-03-04 06:03:14.238441 [0x00007fbe3583f160] [Info   ] [HomeXAxis] X Axis initialization complete [Script] [LogWrapper.lua,51]
2026-03-04 06:03:14.238491 [0x00007fbe3583f160] [Info   ] [Initialize] Initialization complete [Script] [LogWrapper.lua,51]
2026-03-04 06:03:14.238519 [0x00007fbe3583f160] [Info   ] [Initialize] Homing all axes [Script] [LogWrapper.lua,51]
2026-03-04 06:03:14.238541 [0x00007fbe3583f160] [Info   ] [HomeXAxis] Homing X Axis [Script] [LogWrapper.lua,51]
2026-03-04 06:03:14.399068 [0x00007fbe3583f160] [Info   ] [HomeXAxis] HomeNegativeHalfFlag == true [Script] [LogWrapper.lua,51]
2026-03-04 06:03:14.489493 [0x00007fbe3583f160] [Info   ] [Initialize] Homing complete [Script] [LogWrapper.lua,51]
2026-03-04 06:03:14.489633 [0x00007fbe3583f160] [Info   ] Script completion status: COMPLETE_SUCCESS [MotionSynergyAPI] [ScriptExecutor.cpp,71]
2026-03-04 06:03:14.678703 [0x00007ffeed54f160] [Info   ] Logging stopped. [Logger] []
