2026-03-04 06:04:38.366676 [0x00007fbe0ea0f160] [Info   ] Logging started, using configuration at: "/home/anton/MotionSynergyAPI/SupportFolder/Logger.cfg" [Logger] []
2026-03-04 06:04:38.366830 [0x00007fbe0ea0f160] [Info   ] 

Log Configuration : ./SupportFolder/Logger.cfg
Events Configuration: ./SupportFolder/Events.cfg

 [MotionSynergyAPI] [MotionSynergyAPICore.cpp,116]
2026-03-04 06:04:38.367316 [0x00007fbe0ea0f160] [Info   ] 

Default Configuration     : ./SupportFolder/Instrument.cfg
Local   Configuration     : ./ProgramDataFolder/Instrument.local.cfg

 [MotionSynergyAPI] [MotionSynergyAPICore.cpp,159]
2026-03-04 06:04:38.368433 [0x00007fbe0ea0f160] [Info   ] 

===============================================================================
Application Version        : 1.0
Motion Synergy API Version : 4.0.16063
Branch                     : master
===============================================================================

 [MotionSynergyAPI] [MotionSynergyAPICore.cpp,186]
2026-03-04 06:04:38.377055 [0x00007fbdf3fff160] [Info   ] [Initialize] Initializing all axes [Script] [LogWrapper.lua,51]
2026-03-04 06:04:38.377099 [0x00007fbdf3fff160] [Info   ] [HomeXAxis] Initializing X Axis [Script] [LogWrapper.lua,51]
2026-03-04 06:04:38.719204 [0x00007fbdf3fff160] [Info   ] [HomeXAxis] X Axis initialization complete [Script] [LogWrapper.lua,51]
2026-03-04 06:04:38.719307 [0x00007fbdf3fff160] [Info   ] [Initialize] Initialization complete [Script] [LogWrapper.lua,51]
2026-03-04 06:04:38.719350 [0x00007fbdf3fff160] [Info   ] [Initialize] Homing all axes [Script] [LogWrapper.lua,51]
2026-03-04 06:04:38.719379 [0x00007fbdf3fff160] [Info   ] [HomeXAxis] Homing X Axis [Script] [LogWrapper.lua,51]
2026-03-04 06:04:38.879954 [0x00007fbdf3fff160] [Info   ] [HomeXAxis] HomeNegativeHalfFlag == true [Script] [LogWrapper.lua,51]
2026-03-04 06:04:38.970439 [0x00007fbdf3fff160] [Info   ] [Initialize] Homing complete [Script] [LogWrapper.lua,51]
2026-03-04 06:04:38.970609 [0x00007fbdf3fff160] [Info   ] Script completion status: COMPLETE_SUCCESS [MotionSynergyAPI] [ScriptExecutor.cpp,71]
2026-03-04 06:04:39.204150 [0x00007fff03968760] [Info   ] Logging stopped. [Logger] []
